[2026-09-03T17:36:05.853707+00:00] fault_state={'redis_down': True, 'updated_at': '2026-09-03T17:36:05.849034+00:00'}
[2026-09-03T17:36:06.450630+00:00] fault_state={'redis_down': True, 'updated_at': '2026-09-03T17:36:06.447635+00:00'}
[2026-09-03T17:36:07.145845+00:00] fault_state={'redis_down': False, 'updated_at': '2026-09-03T17:36:07.142665+00:00'}
[2026-09-03T17:37:21.108561+00:00] fault_state={'redis_down': True, 'updated_at': '2026-09-03T17:37:21.104563+00:00'}
[2026-09-03T17:37:33.806526+00:00] fault_state={'redis_down': False, 'updated_at': '2026-09-03T17:37:33.803449+00:00'}
[2026-09-03T17:38:06.787573+00:00] fault_state={'redis_down': True, 'updated_at': '2026-09-03T17:38:06.785843+00:00'}
[2026-09-03T17:38:08.476553+00:00] fault_state={'redis_down': False, 'updated_at': '2026-09-03T17:38:08.474925+00:00'}
[2026-09-03T18:04:04.268095+00:00] run_id=RUN-83C7DD39C918; incident_id=INC-001; fault_state={'redis_down': True, 'updated_at': '2026-09-03T18:04:04.259769+00:00'}
[2026-09-03T18:04:06.582228+00:00] run_id=RUN-83C7DD39C918; incident_id=INC-001; fault_state={'redis_down': False, 'updated_at': '2026-09-03T18:04:06.578288+00:00'}
[2026-09-03T18:04:34.716139+00:00] run_id=RUN-83C7DD39C918; incident_id=INC-001; fault_state={'redis_down': True, 'updated_at': '2026-09-03T18:04:34.713802+00:00'}
[2026-09-03T18:04:35.018299+00:00] run_id=RUN-83C7DD39C918; incident_id=INC-001; fault_state={'redis_down': True, 'updated_at': '2026-09-03T18:04:35.016577+00:00'}
[2026-09-03T18:04:35.297219+00:00] run_id=RUN-83C7DD39C918; incident_id=INC-001; fault_state={'redis_down': False, 'updated_at': '2026-09-03T18:04:35.295231+00:00'}
[2026-09-03T18:04:54.805264+00:00] run_id=RUN-83C7DD39C918; incident_id=INC-001; fault_state={'redis_down': True, 'updated_at': '2026-09-03T18:04:54.801263+00:00'}
[2026-09-03T18:04:55.381969+00:00] run_id=RUN-83C7DD39C918; incident_id=INC-001; fault_state={'redis_down': True, 'updated_at': '2026-09-03T18:04:55.378818+00:00'}
[2026-09-03T18:04:55.950382+00:00] run_id=RUN-83C7DD39C918; incident_id=INC-001; fault_state={'redis_down': False, 'updated_at': '2026-09-03T18:04:55.945526+00:00'}
[2026-09-03T18:10:41.336483+00:00] run_id=RUN-83C7DD39C918; incident_id=INC-001; fault_state={'redis_down': True, 'updated_at': '2026-09-03T18:10:41.332755+00:00'}
[2026-09-03T18:10:42.003034+00:00] run_id=RUN-83C7DD39C918; incident_id=INC-001; fault_state={'redis_down': True, 'updated_at': '2026-09-03T18:10:41.998870+00:00'}
[2026-09-03T18:10:42.613094+00:00] run_id=RUN-83C7DD39C918; incident_id=INC-001; fault_state={'redis_down': False, 'updated_at': '2026-09-03T18:10:42.608093+00:00'}
[2026-09-03T18:16:11.687199+00:00] run_id=RUN-83C7DD39C918; incident_id=INC-001; fault_state={'redis_down': True, 'updated_at': '2026-09-03T18:16:11.683083+00:00'}
[2026-09-03T18:16:12.293065+00:00] run_id=RUN-83C7DD39C918; incident_id=INC-001; fault_state={'redis_down': True, 'updated_at': '2026-09-03T18:16:12.289894+00:00'}
[2026-09-03T18:16:12.894499+00:00] run_id=RUN-83C7DD39C918; incident_id=INC-001; fault_state={'redis_down': False, 'updated_at': '2026-09-03T18:16:12.889593+00:00'}
[2026-09-03T18:16:36.385171+00:00] run_id=RUN-83C7DD39C918; incident_id=INC-001; fault_state={'redis_down': True, 'updated_at': '2026-09-03T18:16:36.379613+00:00'}
[2026-09-03T18:16:37.077316+00:00] run_id=RUN-83C7DD39C918; incident_id=INC-001; fault_state={'redis_down': True, 'updated_at': '2026-09-03T18:16:37.075297+00:00'}
[2026-09-03T18:16:37.802979+00:00] run_id=RUN-83C7DD39C918; incident_id=INC-001; fault_state={'redis_down': False, 'updated_at': '2026-09-03T18:16:37.798501+00:00'}
[2026-09-03T18:16:54.529023+00:00] run_id=RUN-6FCF7C075247; incident_id=INC-001; fault_state={'redis_down': True, 'updated_at': '2026-09-03T18:16:54.525153+00:00'}
[2026-09-03T18:16:56.702093+00:00] run_id=RUN-6FCF7C075247; incident_id=INC-001; fault_state={'redis_down': False, 'updated_at': '2026-09-03T18:16:56.698961+00:00'}
